Archive member included to satisfy reference by file (symbol)

d:/installed programs/atmel/atmel studio/7.0/toolchain/avr8/avr8-gnu-toolchain/bin/../lib/gcc/avr/5.4.0/avr25\libgcc.a(_udivmodqi4.o)
                              Time_related.o (__udivmodqi4)
d:/installed programs/atmel/atmel studio/7.0/toolchain/avr8/avr8-gnu-toolchain/bin/../lib/gcc/avr/5.4.0/avr25\libgcc.a(_udivmodhi4.o)
                              main.o (__udivmodhi4)
d:/installed programs/atmel/atmel studio/7.0/toolchain/avr8/avr8-gnu-toolchain/bin/../lib/gcc/avr/5.4.0/avr25\libgcc.a(_divmodhi4.o)
                              Time_related.o (__divmodhi4)
d:/installed programs/atmel/atmel studio/7.0/toolchain/avr8/avr8-gnu-toolchain/bin/../lib/gcc/avr/5.4.0/avr25\libgcc.a(_divmodsi4.o)
                              main.o (__divmodsi4)
d:/installed programs/atmel/atmel studio/7.0/toolchain/avr8/avr8-gnu-toolchain/bin/../lib/gcc/avr/5.4.0/avr25\libgcc.a(_negsi2.o)
                              d:/installed programs/atmel/atmel studio/7.0/toolchain/avr8/avr8-gnu-toolchain/bin/../lib/gcc/avr/5.4.0/avr25\libgcc.a(_divmodsi4.o) (__negsi2)
d:/installed programs/atmel/atmel studio/7.0/toolchain/avr8/avr8-gnu-toolchain/bin/../lib/gcc/avr/5.4.0/avr25\libgcc.a(_exit.o)
                              D:/Installed Programs/Atmel/Atmel Studio/7.0/Packs/atmel/ATtiny_DFP/1.3.147/gcc/dev/attiny85/avr25/crtattiny85.o (exit)
d:/installed programs/atmel/atmel studio/7.0/toolchain/avr8/avr8-gnu-toolchain/bin/../lib/gcc/avr/5.4.0/avr25\libgcc.a(_copy_data.o)
                              main.o (__do_copy_data)
d:/installed programs/atmel/atmel studio/7.0/toolchain/avr8/avr8-gnu-toolchain/bin/../lib/gcc/avr/5.4.0/avr25\libgcc.a(_clear_bss.o)
                              main.o (__do_clear_bss)
d:/installed programs/atmel/atmel studio/7.0/toolchain/avr8/avr8-gnu-toolchain/bin/../lib/gcc/avr/5.4.0/avr25\libgcc.a(_ctors.o)
                              main.o (__do_global_ctors)
d:/installed programs/atmel/atmel studio/7.0/toolchain/avr8/avr8-gnu-toolchain/bin/../lib/gcc/avr/5.4.0/avr25\libgcc.a(_udivmodsi4.o)
                              d:/installed programs/atmel/atmel studio/7.0/toolchain/avr8/avr8-gnu-toolchain/bin/../lib/gcc/avr/5.4.0/avr25\libgcc.a(_divmodsi4.o) (__udivmodsi4)
d:/installed programs/atmel/atmel studio/7.0/toolchain/avr8/avr8-gnu-toolchain/bin/../lib/gcc/avr/5.4.0/avr25\libgcc.a(_tablejump2.o)
                              d:/installed programs/atmel/atmel studio/7.0/toolchain/avr8/avr8-gnu-toolchain/bin/../lib/gcc/avr/5.4.0/avr25\libgcc.a(_ctors.o) (__tablejump2__)

Discarded input sections

 .data          0x00000000        0x0 D:/Installed Programs/Atmel/Atmel Studio/7.0/Packs/atmel/ATtiny_DFP/1.3.147/gcc/dev/attiny85/avr25/crtattiny85.o
 .bss           0x00000000        0x0 D:/Installed Programs/Atmel/Atmel Studio/7.0/Packs/atmel/ATtiny_DFP/1.3.147/gcc/dev/attiny85/avr25/crtattiny85.o
 .text          0x00000000        0x0 main.o
 .data          0x00000000        0x0 main.o
 .bss           0x00000000        0x0 main.o
 .rodata._ZL10MIN_period
                0x00000000        0x2 main.o
 .rodata._ZL10MAX_period
                0x00000000        0x2 main.o
 .rodata._ZL24pulse_counter_reset_time
                0x00000000        0x2 main.o
 .rodata._ZL13DAC_Frequency
                0x00000000        0x2 main.o
 .rodata._ZL8MIN_DUTY
                0x00000000        0x1 main.o
 .rodata._ZL8MAX_DUTY
                0x00000000        0x1 main.o
 .text          0x00000000        0x0 Time_related.o
 .data          0x00000000        0x0 Time_related.o
 .bss           0x00000000        0x0 Time_related.o
 .text._ZN4date5resetEv
                0x00000000       0x3c Time_related.o
 .text._ZN4date9substractERS_
                0x00000000      0x1f4 Time_related.o
 .text._ZN4date8add_dateES_
                0x00000000      0x17e Time_related.o
 .text._ZN4date6inc_msEv
                0x00000000       0x50 Time_related.o
 .text._ZN4date6divideEh
                0x00000000      0x1e4 Time_related.o
 .text._ZN4date13convert_to_msEv
                0x00000000       0xe6 Time_related.o
 .text._ZN4dateaSERKS_
                0x00000000       0x68 Time_related.o
 .text._ZN4datemiERKS_
                0x00000000      0x184 Time_related.o
 .text._ZN4dateplERKS_
                0x00000000      0x18e Time_related.o
 .text._ZN4date18cast_from_volatileERVKS_
                0x00000000       0xec Time_related.o
 .text._ZN4datedvEh
                0x00000000      0x104 Time_related.o
 .text._ZN4dateaSERVKS_
                0x00000000       0x68 Time_related.o
 .text._ZNV4dateaSERKS_
                0x00000000       0x68 Time_related.o
 .text._ZNV4dateaSERVKS_
                0x00000000       0x68 Time_related.o
 .text._Z11find_middleR4dateS0_
                0x00000000      0x14a Time_related.o
 .text          0x00000000        0x0 d:/installed programs/atmel/atmel studio/7.0/toolchain/avr8/avr8-gnu-toolchain/bin/../lib/gcc/avr/5.4.0/avr25\libgcc.a(_udivmodqi4.o)
 .data          0x00000000        0x0 d:/installed programs/atmel/atmel studio/7.0/toolchain/avr8/avr8-gnu-toolchain/bin/../lib/gcc/avr/5.4.0/avr25\libgcc.a(_udivmodqi4.o)
 .bss           0x00000000        0x0 d:/installed programs/atmel/atmel studio/7.0/toolchain/avr8/avr8-gnu-toolchain/bin/../lib/gcc/avr/5.4.0/avr25\libgcc.a(_udivmodqi4.o)
 .text.libgcc.mul
                0x00000000        0x0 d:/installed programs/atmel/atmel studio/7.0/toolchain/avr8/avr8-gnu-toolchain/bin/../lib/gcc/avr/5.4.0/avr25\libgcc.a(_udivmodqi4.o)
 .text.libgcc   0x00000000        0x0 d:/installed programs/atmel/atmel studio/7.0/toolchain/avr8/avr8-gnu-toolchain/bin/../lib/gcc/avr/5.4.0/avr25\libgcc.a(_udivmodqi4.o)
 .text.libgcc.prologue
                0x00000000        0x0 d:/installed programs/atmel/atmel studio/7.0/toolchain/avr8/avr8-gnu-toolchain/bin/../lib/gcc/avr/5.4.0/avr25\libgcc.a(_udivmodqi4.o)
 .text.libgcc.builtins
                0x00000000        0x0 d:/installed programs/atmel/atmel studio/7.0/toolchain/avr8/avr8-gnu-toolchain/bin/../lib/gcc/avr/5.4.0/avr25\libgcc.a(_udivmodqi4.o)
 .text.libgcc.fmul
                0x00000000        0x0 d:/installed programs/atmel/atmel studio/7.0/toolchain/avr8/avr8-gnu-toolchain/bin/../lib/gcc/avr/5.4.0/avr25\libgcc.a(_udivmodqi4.o)
 .text.libgcc.fixed
                0x00000000        0x0 d:/installed programs/atmel/atmel studio/7.0/toolchain/avr8/avr8-gnu-toolchain/bin/../lib/gcc/avr/5.4.0/avr25\libgcc.a(_udivmodqi4.o)
 .text          0x00000000        0x0 d:/installed programs/atmel/atmel studio/7.0/toolchain/avr8/avr8-gnu-toolchain/bin/../lib/gcc/avr/5.4.0/avr25\libgcc.a(_udivmodhi4.o)
 .data          0x00000000        0x0 d:/installed programs/atmel/atmel studio/7.0/toolchain/avr8/avr8-gnu-toolchain/bin/../lib/gcc/avr/5.4.0/avr25\libgcc.a(_udivmodhi4.o)
 .bss           0x00000000        0x0 d:/installed programs/atmel/atmel studio/7.0/toolchain/avr8/avr8-gnu-toolchain/bin/../lib/gcc/avr/5.4.0/avr25\libgcc.a(_udivmodhi4.o)
 .text.libgcc.mul
                0x00000000        0x0 d:/installed programs/atmel/atmel studio/7.0/toolchain/avr8/avr8-gnu-toolchain/bin/../lib/gcc/avr/5.4.0/avr25\libgcc.a(_udivmodhi4.o)
 .text.libgcc   0x00000000        0x0 d:/installed programs/atmel/atmel studio/7.0/toolchain/avr8/avr8-gnu-toolchain/bin/../lib/gcc/avr/5.4.0/avr25\libgcc.a(_udivmodhi4.o)
 .text.libgcc.prologue
                0x00000000        0x0 d:/installed programs/atmel/atmel studio/7.0/toolchain/avr8/avr8-gnu-toolchain/bin/../lib/gcc/avr/5.4.0/avr25\libgcc.a(_udivmodhi4.o)
 .text.libgcc.builtins
                0x00000000        0x0 d:/installed programs/atmel/atmel studio/7.0/toolchain/avr8/avr8-gnu-toolchain/bin/../lib/gcc/avr/5.4.0/avr25\libgcc.a(_udivmodhi4.o)
 .text.libgcc.fmul
                0x00000000        0x0 d:/installed programs/atmel/atmel studio/7.0/toolchain/avr8/avr8-gnu-toolchain/bin/../lib/gcc/avr/5.4.0/avr25\libgcc.a(_udivmodhi4.o)
 .text.libgcc.fixed
                0x00000000        0x0 d:/installed programs/atmel/atmel studio/7.0/toolchain/avr8/avr8-gnu-toolchain/bin/../lib/gcc/avr/5.4.0/avr25\libgcc.a(_udivmodhi4.o)
 .text          0x00000000        0x0 d:/installed programs/atmel/atmel studio/7.0/toolchain/avr8/avr8-gnu-toolchain/bin/../lib/gcc/avr/5.4.0/avr25\libgcc.a(_divmodhi4.o)
 .data          0x00000000        0x0 d:/installed programs/atmel/atmel studio/7.0/toolchain/avr8/avr8-gnu-toolchain/bin/../lib/gcc/avr/5.4.0/avr25\libgcc.a(_divmodhi4.o)
 .bss           0x00000000        0x0 d:/installed programs/atmel/atmel studio/7.0/toolchain/avr8/avr8-gnu-toolchain/bin/../lib/gcc/avr/5.4.0/avr25\libgcc.a(_divmodhi4.o)
 .text.libgcc.mul
                0x00000000        0x0 d:/installed programs/atmel/atmel studio/7.0/toolchain/avr8/avr8-gnu-toolchain/bin/../lib/gcc/avr/5.4.0/avr25\libgcc.a(_divmodhi4.o)
 .text.libgcc.div
                0x00000000       0x26 d:/installed programs/atmel/atmel studio/7.0/toolchain/avr8/avr8-gnu-toolchain/bin/../lib/gcc/avr/5.4.0/avr25\libgcc.a(_divmodhi4.o)
 .text.libgcc   0x00000000        0x0 d:/installed programs/atmel/atmel studio/7.0/toolchain/avr8/avr8-gnu-toolchain/bin/../lib/gcc/avr/5.4.0/avr25\libgcc.a(_divmodhi4.o)
 .text.libgcc.prologue
                0x00000000        0x0 d:/installed programs/atmel/atmel studio/7.0/toolchain/avr8/avr8-gnu-toolchain/bin/../lib/gcc/avr/5.4.0/avr25\libgcc.a(_divmodhi4.o)
 .text.libgcc.builtins
                0x00000000        0x0 d:/installed programs/atmel/atmel studio/7.0/toolchain/avr8/avr8-gnu-toolchain/bin/../lib/gcc/avr/5.4.0/avr25\libgcc.a(_divmodhi4.o)
 .text.libgcc.fmul
                0x00000000        0x0 d:/installed programs/atmel/atmel studio/7.0/toolchain/avr8/avr8-gnu-toolchain/bin/../lib/gcc/avr/5.4.0/avr25\libgcc.a(_divmodhi4.o)
 .text.libgcc.fixed
                0x00000000        0x0 d:/installed programs/atmel/atmel studio/7.0/toolchain/avr8/avr8-gnu-toolchain/bin/../lib/gcc/avr/5.4.0/avr25\libgcc.a(_divmodhi4.o)
 .text          0x00000000        0x0 d:/installed programs/atmel/atmel studio/7.0/toolchain/avr8/avr8-gnu-toolchain/bin/../lib/gcc/avr/5.4.0/avr25\libgcc.a(_divmodsi4.o)
 .data          0x00000000        0x0 d:/installed programs/atmel/atmel studio/7.0/toolchain/avr8/avr8-gnu-toolchain/bin/../lib/gcc/avr/5.4.0/avr25\libgcc.a(_divmodsi4.o)
 .bss           0x00000000        0x0 d:/installed programs/atmel/atmel studio/7.0/toolchain/avr8/avr8-gnu-toolchain/bin/../lib/gcc/avr/5.4.0/avr25\libgcc.a(_divmodsi4.o)
 .text.libgcc.mul
                0x00000000        0x0 d:/installed programs/atmel/atmel studio/7.0/toolchain/avr8/avr8-gnu-toolchain/bin/../lib/gcc/avr/5.4.0/avr25\libgcc.a(_divmodsi4.o)
 .text.libgcc   0x00000000        0x0 d:/installed programs/atmel/atmel studio/7.0/toolchain/avr8/avr8-gnu-toolchain/bin/../lib/gcc/avr/5.4.0/avr25\libgcc.a(_divmodsi4.o)
 .text.libgcc.prologue
                0x00000000        0x0 d:/installed programs/atmel/atmel studio/7.0/toolchain/avr8/avr8-gnu-toolchain/bin/../lib/gcc/avr/5.4.0/avr25\libgcc.a(_divmodsi4.o)
 .text.libgcc.builtins
                0x00000000        0x0 d:/installed programs/atmel/atmel studio/7.0/toolchain/avr8/avr8-gnu-toolchain/bin/../lib/gcc/avr/5.4.0/avr25\libgcc.a(_divmodsi4.o)
 .text.libgcc.fmul
                0x00000000        0x0 d:/installed programs/atmel/atmel studio/7.0/toolchain/avr8/avr8-gnu-toolchain/bin/../lib/gcc/avr/5.4.0/avr25\libgcc.a(_divmodsi4.o)
 .text.libgcc.fixed
                0x00000000        0x0 d:/installed programs/atmel/atmel studio/7.0/toolchain/avr8/avr8-gnu-toolchain/bin/../lib/gcc/avr/5.4.0/avr25\libgcc.a(_divmodsi4.o)
 .text          0x00000000        0x0 d:/installed programs/atmel/atmel studio/7.0/toolchain/avr8/avr8-gnu-toolchain/bin/../lib/gcc/avr/5.4.0/avr25\libgcc.a(_negsi2.o)
 .data          0x00000000        0x0 d:/installed programs/atmel/atmel studio/7.0/toolchain/avr8/avr8-gnu-toolchain/bin/../lib/gcc/avr/5.4.0/avr25\libgcc.a(_negsi2.o)
 .bss           0x00000000        0x0 d:/installed programs/atmel/atmel studio/7.0/toolchain/avr8/avr8-gnu-toolchain/bin/../lib/gcc/avr/5.4.0/avr25\libgcc.a(_negsi2.o)
 .text.libgcc.mul
                0x00000000        0x0 d:/installed programs/atmel/atmel studio/7.0/toolchain/avr8/avr8-gnu-toolchain/bin/../lib/gcc/avr/5.4.0/avr25\libgcc.a(_negsi2.o)
 .text.libgcc   0x00000000        0x0 d:/installed programs/atmel/atmel studio/7.0/toolchain/avr8/avr8-gnu-toolchain/bin/../lib/gcc/avr/5.4.0/avr25\libgcc.a(_negsi2.o)
 .text.libgcc.prologue
                0x00000000        0x0 d:/installed programs/atmel/atmel studio/7.0/toolchain/avr8/avr8-gnu-toolchain/bin/../lib/gcc/avr/5.4.0/avr25\libgcc.a(_negsi2.o)
 .text.libgcc.builtins
                0x00000000        0x0 d:/installed programs/atmel/atmel studio/7.0/toolchain/avr8/avr8-gnu-toolchain/bin/../lib/gcc/avr/5.4.0/avr25\libgcc.a(_negsi2.o)
 .text.libgcc.fmul
                0x00000000        0x0 d:/installed programs/atmel/atmel studio/7.0/toolchain/avr8/avr8-gnu-toolchain/bin/../lib/gcc/avr/5.4.0/avr25\libgcc.a(_negsi2.o)
 .text.libgcc.fixed
                0x00000000        0x0 d:/installed programs/atmel/atmel studio/7.0/toolchain/avr8/avr8-gnu-toolchain/bin/../lib/gcc/avr/5.4.0/avr25\libgcc.a(_negsi2.o)
 .text          0x00000000        0x0 d:/installed programs/atmel/atmel studio/7.0/toolchain/avr8/avr8-gnu-toolchain/bin/../lib/gcc/avr/5.4.0/avr25\libgcc.a(_exit.o)
 .data          0x00000000        0x0 d:/installed programs/atmel/atmel studio/7.0/toolchain/avr8/avr8-gnu-toolchain/bin/../lib/gcc/avr/5.4.0/avr25\libgcc.a(_exit.o)
 .bss           0x00000000        0x0 d:/installed programs/atmel/atmel studio/7.0/toolchain/avr8/avr8-gnu-toolchain/bin/../lib/gcc/avr/5.4.0/avr25\libgcc.a(_exit.o)
 .text.libgcc.mul
                0x00000000        0x0 d:/installed programs/atmel/atmel studio/7.0/toolchain/avr8/avr8-gnu-toolchain/bin/../lib/gcc/avr/5.4.0/avr25\libgcc.a(_exit.o)
 .text.libgcc.div
                0x00000000        0x0 d:/installed programs/atmel/atmel studio/7.0/toolchain/avr8/avr8-gnu-toolchain/bin/../lib/gcc/avr/5.4.0/avr25\libgcc.a(_exit.o)
 .text.libgcc   0x00000000        0x0 d:/installed programs/atmel/atmel studio/7.0/toolchain/avr8/avr8-gnu-toolchain/bin/../lib/gcc/avr/5.4.0/avr25\libgcc.a(_exit.o)
 .text.libgcc.prologue
                0x00000000        0x0 d:/installed programs/atmel/atmel studio/7.0/toolchain/avr8/avr8-gnu-toolchain/bin/../lib/gcc/avr/5.4.0/avr25\libgcc.a(_exit.o)
 .text.libgcc.builtins
                0x00000000        0x0 d:/installed programs/atmel/atmel studio/7.0/toolchain/avr8/avr8-gnu-toolchain/bin/../lib/gcc/avr/5.4.0/avr25\libgcc.a(_exit.o)
 .text.libgcc.fmul
                0x00000000        0x0 d:/installed programs/atmel/atmel studio/7.0/toolchain/avr8/avr8-gnu-toolchain/bin/../lib/gcc/avr/5.4.0/avr25\libgcc.a(_exit.o)
 .text.libgcc.fixed
                0x00000000        0x0 d:/installed programs/atmel/atmel studio/7.0/toolchain/avr8/avr8-gnu-toolchain/bin/../lib/gcc/avr/5.4.0/avr25\libgcc.a(_exit.o)
 .text          0x00000000        0x0 d:/installed programs/atmel/atmel studio/7.0/toolchain/avr8/avr8-gnu-toolchain/bin/../lib/gcc/avr/5.4.0/avr25\libgcc.a(_copy_data.o)
 .data          0x00000000        0x0 d:/installed programs/atmel/atmel studio/7.0/toolchain/avr8/avr8-gnu-toolchain/bin/../lib/gcc/avr/5.4.0/avr25\libgcc.a(_copy_data.o)
 .bss           0x00000000        0x0 d:/installed programs/atmel/atmel studio/7.0/toolchain/avr8/avr8-gnu-toolchain/bin/../lib/gcc/avr/5.4.0/avr25\libgcc.a(_copy_data.o)
 .text.libgcc.mul
                0x00000000        0x0 d:/installed programs/atmel/atmel studio/7.0/toolchain/avr8/avr8-gnu-toolchain/bin/../lib/gcc/avr/5.4.0/avr25\libgcc.a(_copy_data.o)
 .text.libgcc.div
                0x00000000        0x0 d:/installed programs/atmel/atmel studio/7.0/toolchain/avr8/avr8-gnu-toolchain/bin/../lib/gcc/avr/5.4.0/avr25\libgcc.a(_copy_data.o)
 .text.libgcc   0x00000000        0x0 d:/installed programs/atmel/atmel studio/7.0/toolchain/avr8/avr8-gnu-toolchain/bin/../lib/gcc/avr/5.4.0/avr25\libgcc.a(_copy_data.o)
 .text.libgcc.prologue
                0x00000000        0x0 d:/installed programs/atmel/atmel studio/7.0/toolchain/avr8/avr8-gnu-toolchain/bin/../lib/gcc/avr/5.4.0/avr25\libgcc.a(_copy_data.o)
 .text.libgcc.builtins
                0x00000000        0x0 d:/installed programs/atmel/atmel studio/7.0/toolchain/avr8/avr8-gnu-toolchain/bin/../lib/gcc/avr/5.4.0/avr25\libgcc.a(_copy_data.o)
 .text.libgcc.fmul
                0x00000000        0x0 d:/installed programs/atmel/atmel studio/7.0/toolchain/avr8/avr8-gnu-toolchain/bin/../lib/gcc/avr/5.4.0/avr25\libgcc.a(_copy_data.o)
 .text.libgcc.fixed
                0x00000000        0x0 d:/installed programs/atmel/atmel studio/7.0/toolchain/avr8/avr8-gnu-toolchain/bin/../lib/gcc/avr/5.4.0/avr25\libgcc.a(_copy_data.o)
 .text          0x00000000        0x0 d:/installed programs/atmel/atmel studio/7.0/toolchain/avr8/avr8-gnu-toolchain/bin/../lib/gcc/avr/5.4.0/avr25\libgcc.a(_clear_bss.o)
 .data          0x00000000        0x0 d:/installed programs/atmel/atmel studio/7.0/toolchain/avr8/avr8-gnu-toolchain/bin/../lib/gcc/avr/5.4.0/avr25\libgcc.a(_clear_bss.o)
 .bss           0x00000000        0x0 d:/installed programs/atmel/atmel studio/7.0/toolchain/avr8/avr8-gnu-toolchain/bin/../lib/gcc/avr/5.4.0/avr25\libgcc.a(_clear_bss.o)
 .text.libgcc.mul
                0x00000000        0x0 d:/installed programs/atmel/atmel studio/7.0/toolchain/avr8/avr8-gnu-toolchain/bin/../lib/gcc/avr/5.4.0/avr25\libgcc.a(_clear_bss.o)
 .text.libgcc.div
                0x00000000        0x0 d:/installed programs/atmel/atmel studio/7.0/toolchain/avr8/avr8-gnu-toolchain/bin/../lib/gcc/avr/5.4.0/avr25\libgcc.a(_clear_bss.o)
 .text.libgcc   0x00000000        0x0 d:/installed programs/atmel/atmel studio/7.0/toolchain/avr8/avr8-gnu-toolchain/bin/../lib/gcc/avr/5.4.0/avr25\libgcc.a(_clear_bss.o)
 .text.libgcc.prologue
                0x00000000        0x0 d:/installed programs/atmel/atmel studio/7.0/toolchain/avr8/avr8-gnu-toolchain/bin/../lib/gcc/avr/5.4.0/avr25\libgcc.a(_clear_bss.o)
 .text.libgcc.builtins
                0x00000000        0x0 d:/installed programs/atmel/atmel studio/7.0/toolchain/avr8/avr8-gnu-toolchain/bin/../lib/gcc/avr/5.4.0/avr25\libgcc.a(_clear_bss.o)
 .text.libgcc.fmul
                0x00000000        0x0 d:/installed programs/atmel/atmel studio/7.0/toolchain/avr8/avr8-gnu-toolchain/bin/../lib/gcc/avr/5.4.0/avr25\libgcc.a(_clear_bss.o)
 .text.libgcc.fixed
                0x00000000        0x0 d:/installed programs/atmel/atmel studio/7.0/toolchain/avr8/avr8-gnu-toolchain/bin/../lib/gcc/avr/5.4.0/avr25\libgcc.a(_clear_bss.o)
 .text          0x00000000        0x0 d:/installed programs/atmel/atmel studio/7.0/toolchain/avr8/avr8-gnu-toolchain/bin/../lib/gcc/avr/5.4.0/avr25\libgcc.a(_ctors.o)
 .data          0x00000000        0x0 d:/installed programs/atmel/atmel studio/7.0/toolchain/avr8/avr8-gnu-toolchain/bin/../lib/gcc/avr/5.4.0/avr25\libgcc.a(_ctors.o)
 .bss           0x00000000        0x0 d:/installed programs/atmel/atmel studio/7.0/toolchain/avr8/avr8-gnu-toolchain/bin/../lib/gcc/avr/5.4.0/avr25\libgcc.a(_ctors.o)
 .text.libgcc.mul
                0x00000000        0x0 d:/installed programs/atmel/atmel studio/7.0/toolchain/avr8/avr8-gnu-toolchain/bin/../lib/gcc/avr/5.4.0/avr25\libgcc.a(_ctors.o)
 .text.libgcc.div
                0x00000000        0x0 d:/installed programs/atmel/atmel studio/7.0/toolchain/avr8/avr8-gnu-toolchain/bin/../lib/gcc/avr/5.4.0/avr25\libgcc.a(_ctors.o)
 .text.libgcc   0x00000000        0x0 d:/installed programs/atmel/atmel studio/7.0/toolchain/avr8/avr8-gnu-toolchain/bin/../lib/gcc/avr/5.4.0/avr25\libgcc.a(_ctors.o)
 .text.libgcc.prologue
                0x00000000        0x0 d:/installed programs/atmel/atmel studio/7.0/toolchain/avr8/avr8-gnu-toolchain/bin/../lib/gcc/avr/5.4.0/avr25\libgcc.a(_ctors.o)
 .text.libgcc.builtins
                0x00000000        0x0 d:/installed programs/atmel/atmel studio/7.0/toolchain/avr8/avr8-gnu-toolchain/bin/../lib/gcc/avr/5.4.0/avr25\libgcc.a(_ctors.o)
 .text.libgcc.fmul
                0x00000000        0x0 d:/installed programs/atmel/atmel studio/7.0/toolchain/avr8/avr8-gnu-toolchain/bin/../lib/gcc/avr/5.4.0/avr25\libgcc.a(_ctors.o)
 .text.libgcc.fixed
                0x00000000        0x0 d:/installed programs/atmel/atmel studio/7.0/toolchain/avr8/avr8-gnu-toolchain/bin/../lib/gcc/avr/5.4.0/avr25\libgcc.a(_ctors.o)
 .text          0x00000000        0x0 d:/installed programs/atmel/atmel studio/7.0/toolchain/avr8/avr8-gnu-toolchain/bin/../lib/gcc/avr/5.4.0/avr25\libgcc.a(_udivmodsi4.o)
 .data          0x00000000        0x0 d:/installed programs/atmel/atmel studio/7.0/toolchain/avr8/avr8-gnu-toolchain/bin/../lib/gcc/avr/5.4.0/avr25\libgcc.a(_udivmodsi4.o)
 .bss           0x00000000        0x0 d:/installed programs/atmel/atmel studio/7.0/toolchain/avr8/avr8-gnu-toolchain/bin/../lib/gcc/avr/5.4.0/avr25\libgcc.a(_udivmodsi4.o)
 .text.libgcc.mul
                0x00000000        0x0 d:/installed programs/atmel/atmel studio/7.0/toolchain/avr8/avr8-gnu-toolchain/bin/../lib/gcc/avr/5.4.0/avr25\libgcc.a(_udivmodsi4.o)
 .text.libgcc   0x00000000        0x0 d:/installed programs/atmel/atmel studio/7.0/toolchain/avr8/avr8-gnu-toolchain/bin/../lib/gcc/avr/5.4.0/avr25\libgcc.a(_udivmodsi4.o)
 .text.libgcc.prologue
                0x00000000        0x0 d:/installed programs/atmel/atmel studio/7.0/toolchain/avr8/avr8-gnu-toolchain/bin/../lib/gcc/avr/5.4.0/avr25\libgcc.a(_udivmodsi4.o)
 .text.libgcc.builtins
                0x00000000        0x0 d:/installed programs/atmel/atmel studio/7.0/toolchain/avr8/avr8-gnu-toolchain/bin/../lib/gcc/avr/5.4.0/avr25\libgcc.a(_udivmodsi4.o)
 .text.libgcc.fmul
                0x00000000        0x0 d:/installed programs/atmel/atmel studio/7.0/toolchain/avr8/avr8-gnu-toolchain/bin/../lib/gcc/avr/5.4.0/avr25\libgcc.a(_udivmodsi4.o)
 .text.libgcc.fixed
                0x00000000        0x0 d:/installed programs/atmel/atmel studio/7.0/toolchain/avr8/avr8-gnu-toolchain/bin/../lib/gcc/avr/5.4.0/avr25\libgcc.a(_udivmodsi4.o)
 .text          0x00000000        0x0 d:/installed programs/atmel/atmel studio/7.0/toolchain/avr8/avr8-gnu-toolchain/bin/../lib/gcc/avr/5.4.0/avr25\libgcc.a(_tablejump2.o)
 .data          0x00000000        0x0 d:/installed programs/atmel/atmel studio/7.0/toolchain/avr8/avr8-gnu-toolchain/bin/../lib/gcc/avr/5.4.0/avr25\libgcc.a(_tablejump2.o)
 .bss           0x00000000        0x0 d:/installed programs/atmel/atmel studio/7.0/toolchain/avr8/avr8-gnu-toolchain/bin/../lib/gcc/avr/5.4.0/avr25\libgcc.a(_tablejump2.o)
 .text.libgcc.mul
                0x00000000        0x0 d:/installed programs/atmel/atmel studio/7.0/toolchain/avr8/avr8-gnu-toolchain/bin/../lib/gcc/avr/5.4.0/avr25\libgcc.a(_tablejump2.o)
 .text.libgcc.div
                0x00000000        0x0 d:/installed programs/atmel/atmel studio/7.0/toolchain/avr8/avr8-gnu-toolchain/bin/../lib/gcc/avr/5.4.0/avr25\libgcc.a(_tablejump2.o)
 .text.libgcc.prologue
                0x00000000        0x0 d:/installed programs/atmel/atmel studio/7.0/toolchain/avr8/avr8-gnu-toolchain/bin/../lib/gcc/avr/5.4.0/avr25\libgcc.a(_tablejump2.o)
 .text.libgcc.builtins
                0x00000000        0x0 d:/installed programs/atmel/atmel studio/7.0/toolchain/avr8/avr8-gnu-toolchain/bin/../lib/gcc/avr/5.4.0/avr25\libgcc.a(_tablejump2.o)
 .text.libgcc.fmul
                0x00000000        0x0 d:/installed programs/atmel/atmel studio/7.0/toolchain/avr8/avr8-gnu-toolchain/bin/../lib/gcc/avr/5.4.0/avr25\libgcc.a(_tablejump2.o)
 .text.libgcc.fixed
                0x00000000        0x0 d:/installed programs/atmel/atmel studio/7.0/toolchain/avr8/avr8-gnu-toolchain/bin/../lib/gcc/avr/5.4.0/avr25\libgcc.a(_tablejump2.o)

Memory Configuration

Name             Origin             Length             Attributes
text             0x00000000         0x00002000         xr
data             0x00800060         0x0000ffa0         rw !x
eeprom           0x00810000         0x00010000         rw !x
fuse             0x00820000         0x00000003         rw !x
lock             0x00830000         0x00000400         rw !x
signature        0x00840000         0x00000400         rw !x
user_signatures  0x00850000         0x00000400         rw !x
*default*        0x00000000         0xffffffff

Linker script and memory map

LOAD D:/Installed Programs/Atmel/Atmel Studio/7.0/Packs/atmel/ATtiny_DFP/1.3.147/gcc/dev/attiny85/avr25/crtattiny85.o
LOAD main.o
LOAD Time_related.o
START GROUP
LOAD d:/installed programs/atmel/atmel studio/7.0/toolchain/avr8/avr8-gnu-toolchain/bin/../lib/gcc/avr/5.4.0/../../../../avr/lib/avr25\libm.a
END GROUP
LOAD d:/installed programs/atmel/atmel studio/7.0/toolchain/avr8/avr8-gnu-toolchain/bin/../lib/gcc/avr/5.4.0/avr25\libgcc.a
LOAD d:/installed programs/atmel/atmel studio/7.0/toolchain/avr8/avr8-gnu-toolchain/bin/../lib/gcc/avr/5.4.0/../../../../avr/lib/avr25\libm.a
START GROUP
LOAD d:/installed programs/atmel/atmel studio/7.0/toolchain/avr8/avr8-gnu-toolchain/bin/../lib/gcc/avr/5.4.0/avr25\libgcc.a
LOAD d:/installed programs/atmel/atmel studio/7.0/toolchain/avr8/avr8-gnu-toolchain/bin/../lib/gcc/avr/5.4.0/../../../../avr/lib/avr25\libm.a
LOAD d:/installed programs/atmel/atmel studio/7.0/toolchain/avr8/avr8-gnu-toolchain/bin/../lib/gcc/avr/5.4.0/../../../../avr/lib/avr25\libc.a
LOAD D:/Installed Programs/Atmel/Atmel Studio/7.0/Packs/atmel/ATtiny_DFP/1.3.147/gcc/dev/attiny85/avr25\libattiny85.a
END GROUP
                0x00002000                __TEXT_REGION_LENGTH__ = DEFINED (__TEXT_REGION_LENGTH__)?__TEXT_REGION_LENGTH__:0x2000
                0x0000ffa0                __DATA_REGION_LENGTH__ = DEFINED (__DATA_REGION_LENGTH__)?__DATA_REGION_LENGTH__:0xffa0
                0x00010000                __EEPROM_REGION_LENGTH__ = DEFINED (__EEPROM_REGION_LENGTH__)?__EEPROM_REGION_LENGTH__:0x10000
                [0x00000003]                __FUSE_REGION_LENGTH__ = DEFINED (__FUSE_REGION_LENGTH__)?__FUSE_REGION_LENGTH__:0x400
                0x00000400                __LOCK_REGION_LENGTH__ = DEFINED (__LOCK_REGION_LENGTH__)?__LOCK_REGION_LENGTH__:0x400
                0x00000400                __SIGNATURE_REGION_LENGTH__ = DEFINED (__SIGNATURE_REGION_LENGTH__)?__SIGNATURE_REGION_LENGTH__:0x400
                0x00000400                __USER_SIGNATURE_REGION_LENGTH__ = DEFINED (__USER_SIGNATURE_REGION_LENGTH__)?__USER_SIGNATURE_REGION_LENGTH__:0x400

.hash
 *(.hash)

.dynsym
 *(.dynsym)

.dynstr
 *(.dynstr)

.gnu.version
 *(.gnu.version)

.gnu.version_d
 *(.gnu.version_d)

.gnu.version_r
 *(.gnu.version_r)

.rel.init
 *(.rel.init)

.rela.init
 *(.rela.init)

.rel.text
 *(.rel.text)
 *(.rel.text.*)
 *(.rel.gnu.linkonce.t*)

.rela.text
 *(.rela.text)
 *(.rela.text.*)
 *(.rela.gnu.linkonce.t*)

.rel.fini
 *(.rel.fini)

.rela.fini
 *(.rela.fini)

.rel.rodata
 *(.rel.rodata)
 *(.rel.rodata.*)
 *(.rel.gnu.linkonce.r*)

.rela.rodata
 *(.rela.rodata)
 *(.rela.rodata.*)
 *(.rela.gnu.linkonce.r*)

.rel.data
 *(.rel.data)
 *(.rel.data.*)
 *(.rel.gnu.linkonce.d*)

.rela.data
 *(.rela.data)
 *(.rela.data.*)
 *(.rela.gnu.linkonce.d*)

.rel.ctors
 *(.rel.ctors)

.rela.ctors
 *(.rela.ctors)

.rel.dtors
 *(.rel.dtors)

.rela.dtors
 *(.rela.dtors)

.rel.got
 *(.rel.got)

.rela.got
 *(.rela.got)

.rel.bss
 *(.rel.bss)

.rela.bss
 *(.rela.bss)

.rel.plt
 *(.rel.plt)

.rela.plt
 *(.rela.plt)

.text           0x00000000      0xb7e
 *(.vectors)
 .vectors       0x00000000       0x1e D:/Installed Programs/Atmel/Atmel Studio/7.0/Packs/atmel/ATtiny_DFP/1.3.147/gcc/dev/attiny85/avr25/crtattiny85.o
                0x00000000                __vector_default
                0x00000000                __vectors
 *(.vectors)
 *(.progmem.gcc*)
                0x0000001e                . = ALIGN (0x2)
                0x0000001e                __trampolines_start = .
 *(.trampolines)
 .trampolines   0x0000001e        0x0 linker stubs
 *(.trampolines*)
                0x0000001e                __trampolines_end = .
 *libprintf_flt.a:*(.progmem.data)
 *libc.a:*(.progmem.data)
 *(.progmem*)
                0x0000001e                . = ALIGN (0x2)
 *(.jumptables)
 *(.jumptables*)
 *(.lowtext)
 *(.lowtext*)
                0x0000001e                __ctors_start = .
 *(.ctors)
 .ctors         0x0000001e        0x2 main.o
                0x00000020                __ctors_end = .
                0x00000020                __dtors_start = .
 *(.dtors)
                0x00000020                __dtors_end = .
 SORT(*)(.ctors)
 SORT(*)(.dtors)
 *(.init0)
 .init0         0x00000020        0x0 D:/Installed Programs/Atmel/Atmel Studio/7.0/Packs/atmel/ATtiny_DFP/1.3.147/gcc/dev/attiny85/avr25/crtattiny85.o
                0x00000020                __init
 *(.init0)
 *(.init1)
 *(.init1)
 *(.init2)
 .init2         0x00000020        0xc D:/Installed Programs/Atmel/Atmel Studio/7.0/Packs/atmel/ATtiny_DFP/1.3.147/gcc/dev/attiny85/avr25/crtattiny85.o
 *(.init2)
 *(.init3)
 *(.init3)
 *(.init4)
 .init4         0x0000002c       0x16 d:/installed programs/atmel/atmel studio/7.0/toolchain/avr8/avr8-gnu-toolchain/bin/../lib/gcc/avr/5.4.0/avr25\libgcc.a(_copy_data.o)
                0x0000002c                __do_copy_data
 .init4         0x00000042       0x10 d:/installed programs/atmel/atmel studio/7.0/toolchain/avr8/avr8-gnu-toolchain/bin/../lib/gcc/avr/5.4.0/avr25\libgcc.a(_clear_bss.o)
                0x00000042                __do_clear_bss
 *(.init4)
 *(.init5)
 *(.init5)
 *(.init6)
 .init6         0x00000052       0x14 d:/installed programs/atmel/atmel studio/7.0/toolchain/avr8/avr8-gnu-toolchain/bin/../lib/gcc/avr/5.4.0/avr25\libgcc.a(_ctors.o)
                0x00000052                __do_global_ctors
 *(.init6)
 *(.init7)
 *(.init7)
 *(.init8)
 *(.init8)
 *(.init9)
 .init9         0x00000066        0x4 D:/Installed Programs/Atmel/Atmel Studio/7.0/Packs/atmel/ATtiny_DFP/1.3.147/gcc/dev/attiny85/avr25/crtattiny85.o
 *(.init9)
 *(.text)
 .text          0x0000006a        0x2 D:/Installed Programs/Atmel/Atmel Studio/7.0/Packs/atmel/ATtiny_DFP/1.3.147/gcc/dev/attiny85/avr25/crtattiny85.o
                0x0000006a                __vector_12
                0x0000006a                __bad_interrupt
                0x0000006a                __vector_6
                0x0000006a                __vector_11
                0x0000006a                __vector_13
                0x0000006a                __vector_7
                0x0000006a                __vector_5
                0x0000006a                __vector_4
                0x0000006a                __vector_2
                0x0000006a                __vector_8
                0x0000006a                __vector_14
                0x0000006c                . = ALIGN (0x2)
 *(.text.*)
 .text._Z10init_arrayv
                0x0000006c       0x42 main.o
                0x0000006c                _Z10init_arrayv
 .text._Z11push_periodh
                0x000000ae       0xac main.o
                0x000000ae                _Z11push_periodh
 .text._Z14clamp_in_rangejjj
                0x0000015a       0x9c main.o
                0x0000015a                _Z14clamp_in_rangejjj
 .text._Z8interpoljjjjj
                0x000001f6      0x190 main.o
                0x000001f6                _Z8interpoljjjjj
 .text.__vector_1
                0x00000386       0x96 main.o
                0x00000386                __vector_1
 .text._Z14compute_periodv
                0x0000041c       0x4c main.o
                0x0000041c                _Z14compute_periodv
 .text._Z14convert_to_RPMj
                0x00000468       0x4e main.o
                0x00000468                _Z14convert_to_RPMj
 .text._Z15init_Timekeeperv
                0x000004b6       0x60 main.o
                0x000004b6                _Z15init_Timekeeperv
 .text._Z12init_PWM_OUTv
                0x00000516       0x50 main.o
                0x00000516                _Z12init_PWM_OUTv
 .text.__vector_10
                0x00000566       0x84 main.o
                0x00000566                __vector_10
 .text.__vector_3
                0x000005ea       0xce main.o
                0x000005ea                __vector_3
 .text.__vector_9
                0x000006b8       0x50 main.o
                0x000006b8                __vector_9
 .text._Z14enable_ext_intv
                0x00000708       0x62 main.o
                0x00000708                _Z14enable_ext_intv
 .text.main     0x0000076a       0x64 main.o
                0x0000076a                main
 .text._Z41__static_initialization_and_destruction_0ii
                0x000007ce       0x3a main.o
 .text._GLOBAL__sub_I_cur_period_index
                0x00000808       0x18 main.o
 .text._ZN4dateC2Ev
                0x00000820       0x3c Time_related.o
                0x00000820                _ZN4dateC1Ev
                0x00000820                _ZN4dateC2Ev
 .text._ZN4dateC2Ejhhh
                0x0000085c       0x66 Time_related.o
                0x0000085c                _ZN4dateC1Ejhhh
                0x0000085c                _ZN4dateC2Ejhhh
 .text._ZNV4date8add_dateES_
                0x000008c2      0x1a0 Time_related.o
                0x000008c2                _ZNV4date8add_dateES_
 .text._ZNV4date6inc_msEv
                0x00000a62       0x50 Time_related.o
                0x00000a62                _ZNV4date6inc_msEv
 .text.libgcc.div
                0x00000ab2       0x18 d:/installed programs/atmel/atmel studio/7.0/toolchain/avr8/avr8-gnu-toolchain/bin/../lib/gcc/avr/5.4.0/avr25\libgcc.a(_udivmodqi4.o)
                0x00000ab2                __udivmodqi4
 .text.libgcc.div
                0x00000aca       0x28 d:/installed programs/atmel/atmel studio/7.0/toolchain/avr8/avr8-gnu-toolchain/bin/../lib/gcc/avr/5.4.0/avr25\libgcc.a(_udivmodhi4.o)
                0x00000aca                __udivmodhi4
 .text.libgcc.div
                0x00000af2       0x28 d:/installed programs/atmel/atmel studio/7.0/toolchain/avr8/avr8-gnu-toolchain/bin/../lib/gcc/avr/5.4.0/avr25\libgcc.a(_divmodsi4.o)
                0x00000af2                __divmodsi4
 .text.libgcc.div
                0x00000b1a       0x10 d:/installed programs/atmel/atmel studio/7.0/toolchain/avr8/avr8-gnu-toolchain/bin/../lib/gcc/avr/5.4.0/avr25\libgcc.a(_negsi2.o)
                0x00000b1a                __negsi2
 .text.libgcc.div
                0x00000b2a       0x44 d:/installed programs/atmel/atmel studio/7.0/toolchain/avr8/avr8-gnu-toolchain/bin/../lib/gcc/avr/5.4.0/avr25\libgcc.a(_udivmodsi4.o)
                0x00000b2a                __udivmodsi4
 .text.libgcc   0x00000b6e        0xc d:/installed programs/atmel/atmel studio/7.0/toolchain/avr8/avr8-gnu-toolchain/bin/../lib/gcc/avr/5.4.0/avr25\libgcc.a(_tablejump2.o)
                0x00000b6e                __tablejump2__
                0x00000b7a                . = ALIGN (0x2)
 *(.fini9)
 .fini9         0x00000b7a        0x0 d:/installed programs/atmel/atmel studio/7.0/toolchain/avr8/avr8-gnu-toolchain/bin/../lib/gcc/avr/5.4.0/avr25\libgcc.a(_exit.o)
                0x00000b7a                _exit
                0x00000b7a                exit
 *(.fini9)
 *(.fini8)
 *(.fini8)
 *(.fini7)
 *(.fini7)
 *(.fini6)
 *(.fini6)
 *(.fini5)
 *(.fini5)
 *(.fini4)
 *(.fini4)
 *(.fini3)
 *(.fini3)
 *(.fini2)
 *(.fini2)
 *(.fini1)
 *(.fini1)
 *(.fini0)
 .fini0         0x00000b7a        0x4 d:/installed programs/atmel/atmel studio/7.0/toolchain/avr8/avr8-gnu-toolchain/bin/../lib/gcc/avr/5.4.0/avr25\libgcc.a(_exit.o)
 *(.fini0)
                0x00000b7e                _etext = .

.data           0x00800060        0x0 load address 0x00000b7e
                0x00800060                PROVIDE (__data_start, .)
 *(.data)
 *(.data*)
 *(.gnu.linkonce.d*)
 *(.rodata)
 *(.rodata*)
 *(.gnu.linkonce.r*)
                0x00800060                . = ALIGN (0x2)
                0x00800060                _edata = .
                0x00800060                PROVIDE (__data_end, .)

.bss            0x00800060       0x14
                0x00800060                PROVIDE (__bss_start, .)
 *(.bss)
 *(.bss*)
 .bss.cur_period_index
                0x00800060        0x1 main.o
                0x00800060                cur_period_index
 .bss.cur_period
                0x00800061        0x1 main.o
                0x00800061                cur_period
 .bss.s_avg_array
                0x00800062        0x4 main.o
                0x00800062                s_avg_array
 .bss.avg_period
                0x00800066        0x1 main.o
                0x00800066                avg_period
 .bss.sum_period
                0x00800067        0x1 main.o
                0x00800067                sum_period
 .bss.cur_duty_cycle
                0x00800068        0x1 main.o
                0x00800068                cur_duty_cycle
 .bss.cur_time  0x00800069        0x5 main.o
                0x00800069                cur_time
 .bss.pulse_count
                0x0080006e        0x2 main.o
                0x0080006e                pulse_count
 .bss.pulse_counter_resets
                0x00800070        0x1 main.o
                0x00800070                pulse_counter_resets
 .bss.cur_input_state
                0x00800071        0x1 main.o
                0x00800071                cur_input_state
 .bss.old_input_state
                0x00800072        0x1 main.o
                0x00800072                old_input_state
 .bss.freeze_input
                0x00800073        0x1 main.o
                0x00800073                freeze_input
 *(COMMON)
                0x00800074                PROVIDE (__bss_end, .)
                0x00000b7e                __data_load_start = LOADADDR (.data)
                0x00000b7e                __data_load_end = (__data_load_start + SIZEOF (.data))

.noinit         0x00800074        0x0
                [!provide]                PROVIDE (__noinit_start, .)
 *(.noinit*)
                [!provide]                PROVIDE (__noinit_end, .)
                0x00800074                _end = .
                [!provide]                PROVIDE (__heap_start, .)

.eeprom         0x00810000        0x0
 *(.eeprom*)
                0x00810000                __eeprom_end = .

.fuse
 *(.fuse)
 *(.lfuse)
 *(.hfuse)
 *(.efuse)

.lock
 *(.lock*)

.signature
 *(.signature*)

.user_signatures
 *(.user_signatures*)

.stab
 *(.stab)

.stabstr
 *(.stabstr)

.stab.excl
 *(.stab.excl)

.stab.exclstr
 *(.stab.exclstr)

.stab.index
 *(.stab.index)

.stab.indexstr
 *(.stab.indexstr)

.comment        0x00000000       0x30
 *(.comment)
 .comment       0x00000000       0x30 main.o
                                 0x31 (size before relaxing)
 .comment       0x00000030       0x31 Time_related.o

.note.gnu.avr.deviceinfo
                0x00000000       0x3c
 .note.gnu.avr.deviceinfo
                0x00000000       0x3c D:/Installed Programs/Atmel/Atmel Studio/7.0/Packs/atmel/ATtiny_DFP/1.3.147/gcc/dev/attiny85/avr25/crtattiny85.o

.note.gnu.build-id
 *(.note.gnu.build-id)

.debug
 *(.debug)

.line
 *(.line)

.debug_srcinfo
 *(.debug_srcinfo)

.debug_sfnames
 *(.debug_sfnames)

.debug_aranges  0x00000000      0x148
 *(.debug_aranges)
 .debug_aranges
                0x00000000       0x98 main.o
 .debug_aranges
                0x00000098       0xb0 Time_related.o

.debug_pubnames
 *(.debug_pubnames)

.debug_info     0x00000000     0x1467
 *(.debug_info .gnu.linkonce.wi.*)
 .debug_info    0x00000000      0x420 D:/Installed Programs/Atmel/Atmel Studio/7.0/Packs/atmel/ATtiny_DFP/1.3.147/gcc/dev/attiny85/avr25/crtattiny85.o
 .debug_info    0x00000420      0x79e main.o
 .debug_info    0x00000bbe      0x8a9 Time_related.o

.debug_abbrev   0x00000000      0x7df
 *(.debug_abbrev)
 .debug_abbrev  0x00000000      0x3e8 D:/Installed Programs/Atmel/Atmel Studio/7.0/Packs/atmel/ATtiny_DFP/1.3.147/gcc/dev/attiny85/avr25/crtattiny85.o
 .debug_abbrev  0x000003e8      0x25e main.o
 .debug_abbrev  0x00000646      0x199 Time_related.o

.debug_line     0x00000000      0xb2c
 *(.debug_line .debug_line.* .debug_line_end)
 .debug_line    0x00000000       0xf1 D:/Installed Programs/Atmel/Atmel Studio/7.0/Packs/atmel/ATtiny_DFP/1.3.147/gcc/dev/attiny85/avr25/crtattiny85.o
 .debug_line    0x000000f1      0x4e2 main.o
 .debug_line    0x000005d3      0x559 Time_related.o

.debug_frame    0x00000000      0x7b0
 *(.debug_frame)
 .debug_frame   0x00000000      0x2f4 main.o
 .debug_frame   0x000002f4      0x4bc Time_related.o

.debug_str      0x00000000      0x8c6
 *(.debug_str)
 .debug_str     0x00000000      0x169 D:/Installed Programs/Atmel/Atmel Studio/7.0/Packs/atmel/ATtiny_DFP/1.3.147/gcc/dev/attiny85/avr25/crtattiny85.o
 .debug_str     0x00000169      0x68a main.o
                                0x6f6 (size before relaxing)
 .debug_str     0x000007f3       0xd3 Time_related.o
                                0x46a (size before relaxing)

.debug_loc      0x00000000     0x1175
 *(.debug_loc)
 .debug_loc     0x00000000      0x652 main.o
 .debug_loc     0x00000652      0xb23 Time_related.o

.debug_macinfo
 *(.debug_macinfo)

.debug_weaknames
 *(.debug_weaknames)

.debug_funcnames
 *(.debug_funcnames)

.debug_typenames
 *(.debug_typenames)

.debug_varnames
 *(.debug_varnames)

.debug_pubtypes
 *(.debug_pubtypes)

.debug_ranges   0x00000000      0x128
 *(.debug_ranges)
 .debug_ranges  0x00000000       0x88 main.o
 .debug_ranges  0x00000088       0xa0 Time_related.o

.debug_macro
 *(.debug_macro)
OUTPUT(RPM_converter.elf elf32-avr)
LOAD linker stubs
